============================= test session starts =============================
platform win32 -- Python 3.12.10, pytest-9.0.2, pluggy-1.6.0
rootdir: D:\projects\datamodeMLOPS\mlops-auto-retrain
plugins: anyio-4.10.0, hydra-core-1.3.2, langsmith-0.4.14
collected 0 items / 1 error

=================================== ERRORS ====================================
_____________________ ERROR collecting tests/test_api.py ______________________
ImportError while importing test module 'D:\projects\datamodeMLOPS\mlops-auto-retrain\tests\test_api.py'.
Hint: make sure your test modules/packages have valid Python names.
Traceback:
C:\Users\SG LOVE\AppData\Local\Programs\Python\Python312\Lib\importlib\__init__.py:90: in import_module
    return _bootstrap._gcd_import(name[level:], package, level)
           ^^^^^^^^^^^^^^^^^^^^^^^^^^^^^^^^^^^^^^^^^^^^^^^^^^^^
tests\test_api.py:20: in <module>
    from api.main import app
E   ModuleNotFoundError: No module named 'api'
=========================== short test summary info ===========================
ERROR tests/test_api.py
!!!!!!!!!!!!!!!!!!! Interrupted: 1 error during collection !!!!!!!!!!!!!!!!!!!!
============================== 1 error in 0.73s ===============================
